{"sessionId": "57f2eb", "runId": "frontend-connectivity", "hypothesisId": "H2", "location": "api/main.py:menu_list_endpoint", "message": "menu list queried", "data": {"count": 5}, "timestamp": 1777342915618}
{"sessionId": "57f2eb", "runId": "frontend-connectivity", "hypothesisId": "H5", "location": "api/main.py:chat_endpoint", "message": "chat endpoint entered", "data": {"query_len": 1}, "timestamp": 1777342919700}
{"sessionId": "57f2eb", "runId": "frontend-connectivity", "hypothesisId": "H5", "location": "api/main.py:chat_endpoint", "message": "chat service returned", "data": {"result_type": "str"}, "timestamp": 1777342961852}
{"sessionId": "57f2eb", "runId": "frontend-connectivity", "hypothesisId": "H4", "location": "api/main.py:delivery_endpoint", "message": "delivery endpoint entered", "data": {"address_len": 1, "travel_mode": "2"}, "timestamp": 1777342961858}
{"sessionId": "57f2eb", "runId": "frontend-connectivity", "hypothesisId": "H4", "location": "api/main.py:delivery_endpoint", "message": "delivery service returned", "data": {"status": "fail"}, "timestamp": 1777342962740}
{"sessionId": "57f2eb", "runId": "frontend-connectivity", "hypothesisId": "H4", "location": "api/main.py:delivery_endpoint", "message": "delivery endpoint entered", "data": {"address_len": 1, "travel_mode": "2"}, "timestamp": 1777342965540}
{"sessionId": "57f2eb", "runId": "frontend-connectivity", "hypothesisId": "H4", "location": "api/main.py:delivery_endpoint", "message": "delivery service returned", "data": {"status": "fail"}, "timestamp": 1777342966367}
{"sessionId": "57f2eb", "runId": "frontend-connectivity", "hypothesisId": "H4", "location": "api/main.py:delivery_endpoint", "message": "delivery endpoint entered", "data": {"address_len": 1, "travel_mode": "2"}, "timestamp": 1777342967282}
{"sessionId": "57f2eb", "runId": "frontend-connectivity", "hypothesisId": "H4", "location": "api/main.py:delivery_endpoint", "message": "delivery service returned", "data": {"status": "fail"}, "timestamp": 1777342969116}
{"sessionId": "57f2eb", "runId": "frontend-connectivity", "hypothesisId": "H4", "location": "api/main.py:delivery_endpoint", "message": "delivery endpoint entered", "data": {"address_len": 2, "travel_mode": "3"}, "timestamp": 1777343639779}
{"sessionId": "57f2eb", "runId": "frontend-connectivity", "hypothesisId": "H4", "location": "api/main.py:delivery_endpoint", "message": "delivery service returned", "data": {"status": "fail"}, "timestamp": 1777343640611}
{"sessionId": "57f2eb", "runId": "frontend-connectivity", "hypothesisId": "H4", "location": "api/main.py:delivery_endpoint", "message": "delivery endpoint entered", "data": {"address_len": 2, "travel_mode": "3"}, "timestamp": 1777343642370}
{"sessionId": "57f2eb", "runId": "frontend-connectivity", "hypothesisId": "H4", "location": "api/main.py:delivery_endpoint", "message": "delivery service returned", "data": {"status": "fail"}, "timestamp": 1777343644409}
{"sessionId": "57f2eb", "runId": "frontend-connectivity", "hypothesisId": "H5", "location": "api/main.py:chat_endpoint", "message": "chat endpoint entered", "data": {"query_len": 5}, "timestamp": 1777343654685}
{"sessionId": "57f2eb", "runId": "frontend-connectivity", "hypothesisId": "H5", "location": "api/main.py:chat_endpoint", "message": "chat service returned", "data": {"result_type": "str"}, "timestamp": 1777343665614}
{"sessionId": "57f2eb", "runId": "frontend-connectivity", "hypothesisId": "H4", "location": "api/main.py:delivery_endpoint", "message": "delivery endpoint entered", "data": {"address_len": 2, "travel_mode": "3"}, "timestamp": 1777343665619}
{"sessionId": "57f2eb", "runId": "frontend-connectivity", "hypothesisId": "H4", "location": "api/main.py:delivery_endpoint", "message": "delivery service returned", "data": {"status": "fail"}, "timestamp": 1777343666491}
{"sessionId": "57f2eb", "runId": "frontend-connectivity", "hypothesisId": "H5", "location": "api/main.py:chat_endpoint", "message": "chat endpoint entered", "data": {"query_len": 6}, "timestamp": 1777343680883}
{"sessionId": "57f2eb", "runId": "frontend-connectivity", "hypothesisId": "H5", "location": "api/main.py:chat_endpoint-except", "message": "chat endpoint exception", "data": {"error": "服务内部出现故障，暂不可用：查询功能不可用,菜品咨询处理失败:list indices must be integers or slices, not str"}, "timestamp": 1777343754838}
{"sessionId": "57f2eb", "runId": "frontend-connectivity", "hypothesisId": "H2", "location": "api/main.py:menu_list_endpoint", "message": "menu list queried", "data": {"count": 5}, "timestamp": 1777343844364}
{"sessionId": "57f2eb", "runId": "frontend-connectivity", "hypothesisId": "H2", "location": "api/main.py:menu_list_endpoint", "message": "menu list queried", "data": {"count": 5}, "timestamp": 1777343844855}
{"sessionId": "57f2eb", "runId": "frontend-connectivity", "hypothesisId": "H2", "location": "api/main.py:menu_list_endpoint", "message": "menu list queried", "data": {"count": 5}, "timestamp": 1777343845241}
{"sessionId": "57f2eb", "runId": "frontend-connectivity", "hypothesisId": "H2", "location": "api/main.py:menu_list_endpoint", "message": "menu list queried", "data": {"count": 5}, "timestamp": 1777343845462}
{"sessionId": "57f2eb", "runId": "frontend-connectivity", "hypothesisId": "H4", "location": "api/main.py:delivery_endpoint", "message": "delivery endpoint entered", "data": {"address_len": 2, "travel_mode": "1"}, "timestamp": 1777343847898}
{"sessionId": "57f2eb", "runId": "frontend-connectivity", "hypothesisId": "H4", "location": "api/main.py:delivery_endpoint", "message": "delivery service returned", "data": {"status": "fail"}, "timestamp": 1777343848744}
{"sessionId": "57f2eb", "runId": "frontend-connectivity", "hypothesisId": "H2", "location": "api/main.py:menu_list_endpoint", "message": "menu list queried", "data": {"count": 5}, "timestamp": 1777343898818}
{"sessionId": "57f2eb", "runId": "frontend-connectivity", "hypothesisId": "H2", "location": "api/main.py:menu_list_endpoint", "message": "menu list queried", "data": {"count": 5}, "timestamp": 1777343899744}
{"sessionId": "57f2eb", "runId": "frontend-connectivity", "hypothesisId": "H2", "location": "api/main.py:menu_list_endpoint", "message": "menu list queried", "data": {"count": 5}, "timestamp": 1777343900420}
{"sessionId": "57f2eb", "runId": "frontend-connectivity", "hypothesisId": "H5", "location": "api/main.py:chat_endpoint", "message": "chat endpoint entered", "data": {"query_len": 1}, "timestamp": 1777343904798}
{"sessionId": "57f2eb", "runId": "frontend-connectivity", "hypothesisId": "H5", "location": "api/main.py:chat_endpoint", "message": "chat service returned", "data": {"result_type": "str"}, "timestamp": 1777343934363}
{"sessionId": "57f2eb", "runId": "frontend-connectivity", "hypothesisId": "H2", "location": "api/main.py:menu_list_endpoint", "message": "menu list queried", "data": {"count": 5}, "timestamp": 1777350150304}
{"sessionId": "57f2eb", "runId": "frontend-connectivity", "hypothesisId": "H2", "location": "api/main.py:menu_list_endpoint", "message": "menu list queried", "data": {"count": 5}, "timestamp": 1777350216267}
{"sessionId": "57f2eb", "runId": "frontend-connectivity", "hypothesisId": "H2", "location": "api/main.py:menu_list_endpoint", "message": "menu list queried", "data": {"count": 5}, "timestamp": 1777350216901}
{"sessionId": "57f2eb", "runId": "frontend-connectivity", "hypothesisId": "H2", "location": "api/main.py:menu_list_endpoint", "message": "menu list queried", "data": {"count": 5}, "timestamp": 1777730973849}
{"sessionId": "57f2eb", "runId": "frontend-connectivity", "hypothesisId": "H5", "location": "api/main.py:chat_endpoint", "message": "chat endpoint entered", "data": {"query_len": 2}, "timestamp": 1777730978293}
{"sessionId": "57f2eb", "runId": "frontend-connectivity", "hypothesisId": "H5", "location": "api/main.py:chat_endpoint", "message": "chat service returned", "data": {"result_type": "str"}, "timestamp": 1777731005858}
{"sessionId": "57f2eb", "runId": "frontend-connectivity", "hypothesisId": "H4", "location": "api/main.py:delivery_endpoint", "message": "delivery endpoint entered", "data": {"address_len": 2, "travel_mode": "2"}, "timestamp": 1777731005861}
{"sessionId": "57f2eb", "runId": "frontend-connectivity", "hypothesisId": "H4", "location": "api/main.py:delivery_endpoint", "message": "delivery service returned", "data": {"status": "fail"}, "timestamp": 1777731006314}
{"sessionId": "57f2eb", "runId": "frontend-connectivity", "hypothesisId": "H5", "location": "api/main.py:chat_endpoint", "message": "chat endpoint entered", "data": {"query_len": 4}, "timestamp": 1777731053645}
{"sessionId": "57f2eb", "runId": "frontend-connectivity", "hypothesisId": "H5", "location": "api/main.py:chat_endpoint", "message": "chat service returned", "data": {"result_type": "str"}, "timestamp": 1777731063068}
{"sessionId": "57f2eb", "runId": "frontend-connectivity", "hypothesisId": "H5", "location": "api/main.py:chat_endpoint", "message": "chat endpoint entered", "data": {"query_len": 4}, "timestamp": 1777731082754}
{"sessionId": "57f2eb", "runId": "frontend-connectivity", "hypothesisId": "H5", "location": "api/main.py:chat_endpoint-except", "message": "chat endpoint exception", "data": {"error": "服务内部出现故障，暂不可用：查询功能不可用,菜品咨询处理失败:list indices must be integers or slices, not str"}, "timestamp": 1777731120872}
{"sessionId": "57f2eb", "runId": "frontend-connectivity", "hypothesisId": "H5", "location": "api/main.py:chat_endpoint", "message": "chat endpoint entered", "data": {"query_len": 4}, "timestamp": 1777731273087}
{"sessionId": "57f2eb", "runId": "frontend-connectivity", "hypothesisId": "H5", "location": "api/main.py:chat_endpoint-except", "message": "chat endpoint exception", "data": {"error": "服务内部出现故障，暂不可用：查询功能不可用,菜品咨询处理失败:list indices must be integers or slices, not str"}, "timestamp": 1777731305455}
{"sessionId": "57f2eb", "runId": "frontend-connectivity", "hypothesisId": "H5", "location": "api/main.py:chat_endpoint", "message": "chat endpoint entered", "data": {"query_len": 4}, "timestamp": 1777731603709}
{"sessionId": "57f2eb", "runId": "frontend-connectivity", "hypothesisId": "H5", "location": "api/main.py:chat_endpoint-except", "message": "chat endpoint exception", "data": {"error": "服务内部出现故障，暂不可用：查询功能不可用,菜品咨询处理失败:list indices must be integers or slices, not str"}, "timestamp": 1777731642678}
{"sessionId": "57f2eb", "runId": "frontend-connectivity", "hypothesisId": "H5", "location": "api/main.py:chat_endpoint", "message": "chat endpoint entered", "data": {"query_len": 2}, "timestamp": 1779085204738}
{"sessionId": "57f2eb", "runId": "frontend-connectivity", "hypothesisId": "H5", "location": "api/main.py:chat_endpoint", "message": "chat service returned", "data": {"result_type": "str"}, "timestamp": 1779085236090}
{"sessionId": "57f2eb", "runId": "frontend-connectivity", "hypothesisId": "H2", "location": "api/main.py:menu_list_endpoint", "message": "menu list queried", "data": {"count": 5}, "timestamp": 1780364462733}
{"sessionId": "57f2eb", "runId": "frontend-connectivity", "hypothesisId": "H2", "location": "api/main.py:menu_list_endpoint", "message": "menu list queried", "data": {"count": 5}, "timestamp": 1780364469186}
{"sessionId": "57f2eb", "runId": "frontend-connectivity", "hypothesisId": "H4", "location": "api/main.py:delivery_endpoint", "message": "delivery endpoint entered", "data": {"address_len": 3, "travel_mode": "2"}, "timestamp": 1780364477301}
{"sessionId": "57f2eb", "runId": "frontend-connectivity", "hypothesisId": "H4", "location": "api/main.py:delivery_endpoint", "message": "delivery service returned", "data": {"status": "fail"}, "timestamp": 1780364478192}
{"sessionId": "57f2eb", "runId": "frontend-connectivity", "hypothesisId": "H4", "location": "api/main.py:delivery_endpoint", "message": "delivery endpoint entered", "data": {"address_len": 7, "travel_mode": "2"}, "timestamp": 1780364520820}
{"sessionId": "57f2eb", "runId": "frontend-connectivity", "hypothesisId": "H4", "location": "api/main.py:delivery_endpoint", "message": "delivery service returned", "data": {"status": "success"}, "timestamp": 1780364522443}
{"sessionId": "57f2eb", "runId": "frontend-connectivity", "hypothesisId": "H4", "location": "api/main.py:delivery_endpoint", "message": "delivery endpoint entered", "data": {"address_len": 7, "travel_mode": "3"}, "timestamp": 1780364525979}
{"sessionId": "57f2eb", "runId": "frontend-connectivity", "hypothesisId": "H4", "location": "api/main.py:delivery_endpoint", "message": "delivery service returned", "data": {"status": "success"}, "timestamp": 1780364527585}
{"sessionId": "57f2eb", "runId": "frontend-connectivity", "hypothesisId": "H4", "location": "api/main.py:delivery_endpoint", "message": "delivery endpoint entered", "data": {"address_len": 7, "travel_mode": "1"}, "timestamp": 1780364532107}
{"sessionId": "57f2eb", "runId": "frontend-connectivity", "hypothesisId": "H4", "location": "api/main.py:delivery_endpoint", "message": "delivery service returned", "data": {"status": "success"}, "timestamp": 1780364533680}
{"sessionId": "57f2eb", "runId": "frontend-connectivity", "hypothesisId": "H5", "location": "api/main.py:chat_endpoint", "message": "chat endpoint entered", "data": {"query_len": 5}, "timestamp": 1780364549081}
{"sessionId": "57f2eb", "runId": "frontend-connectivity", "hypothesisId": "H5", "location": "api/main.py:chat_endpoint", "message": "chat service returned", "data": {"result_type": "str"}, "timestamp": 1780364575688}
{"sessionId": "57f2eb", "runId": "frontend-connectivity", "hypothesisId": "H2", "location": "api/main.py:menu_list_endpoint", "message": "menu list queried", "data": {"count": 5}, "timestamp": 1780364914863}
